// Jest Snapshot v1, https://goo.gl/fbAQLP

exports[`components <App /> should render and match the snapshot 1`] = `
<div>
  <Connect(Header) />
  <Connect(MainSection) />
</div>
`;
