// Jest Snapshot v1, https://goo.gl/fbAQLP

exports[`components Header should render and match the snapshot 1`] = `
Object {
  "output": <header
    className="header"
  >
    <h1>
      todos
    </h1>
    <TodoTextInput
      newTodo={true}
      onSave={[Function]}
      placeholder="What needs to be done?"
    />
  </header>,
  "props": Object {
    "addTodo": [MockFunction],
  },
  "renderer": ReactShallowRenderer {
    "_context": Object {},
    "_currentlyRenderingComponent": null,
    "_didScheduleRenderPhaseUpdate": false,
    "_dispatcher": Object {
      "readContext": [Function],
      "useCallback": [Function],
      "useContext": [Function],
      "useDebugValue": [Function],
      "useEffect": [Function],
      "useImperativeHandle": [Function],
      "useLayoutEffect": [Function],
      "useMemo": [Function],
      "useReducer": [Function],
      "useRef": [Function],
      "useState": [Function],
    },
    "_element": <Header
      addTodo={[MockFunction]}
    />,
    "_firstWorkInProgressHook": null,
    "_forcedUpdate": false,
    "_instance": null,
    "_isReRender": false,
    "_newState": null,
    "_numberOfReRenders": 0,
    "_previousComponentIdentity": [Function],
    "_renderPhaseUpdates": null,
    "_rendered": <header
      className="header"
    >
      <h1>
        todos
      </h1>
      <TodoTextInput
        newTodo={true}
        onSave={[Function]}
        placeholder="What needs to be done?"
      />
    </header>,
    "_rendering": false,
    "_updater": Updater {
      "_callbacks": Array [],
      "_renderer": [Circular],
    },
    "_workInProgressHook": null,
  },
}
`;
